04:13:25 clone at a9235a8bdf0ad99eef2b00f97d5943bdbcd0f776, clean; tmux 3.7c; node v24.21.0
04:13:39 npm ci in 14s
04:13:52 Chromium: started
frozen: 2149 files, manifest ec4587e9e87d, runner 67c83600ff9a, store 0 bytes
04:13:53 frozen; the run starts
controls: 30 negative controls fail as they should, 8 positive controls pass
PASS PROC-01 163 files changed since the branch left main at 08006fb; every bare import is declared in package.json
PASS CLI-01 REPL --demo: 93 synced writes, 0 ESC[2J, 145 ESC[K; monitor: 3 synced writes, 0 ESC[2J
PASS CLI-02 125 frames over the 10s hold (about 80ms each)
PASS CLI-03 keypress events with key.ctrl/key.meta; the hint names Enter, Ctrl+J and /
PASS CLI-04 10 keys, median 6ms, slowest 7ms (tmux round trips included)
PASS CLI-05 exit 130, stty unchanged, cursor visible
PASS CLI-06 "Cancelled." then the prompt; the REPL kept running
PASS CLI-07 exit 130, stty unchanged, cursor visible
PASS CLI-08 Esc closed the slash menu (after readline's 500ms hold on a lone ESC); Esc at NEEDS YOU denied
PASS CLI-09 "q" typed into the input; the banner says "/exit to quit"
PASS CLI-10 REPL input redrawn at 60 with its text; monitor frame within 70 after 100
PASS CLI-11 the demo turn at 60 and 80: no joined line wider than the terminal
PASS CLI-12 0 bytes above 0x7F; ASCII glyphs in the transcript
PASS CLI-13 REPL: no ESC[?1049h, the turn stays in scrollback; monitor: ESC[?1049h then ESC[?1049l, the earlier shell text intact
PASS CLI-14 Enter at NEEDS YOU denied, the default it shows
PASS CLI-15 repl --bogus → 2: Unknown option: --bogus. Try timmy repl --help.; receipts --last x → 2: timmy receipts: --last needs a whole number of 1 or more.; theme install --terminal nope → 2: timmy theme: no theme for "nope". Terminals: ghostty, kitty, alacritty, wezterm, iterm2, zellij.
PASS CLI-16 "Working" after 6ms (tmux round trips included)
PASS CLI-17 at about 3.5s: "Working 3.5s"
PASS CLI-19 the demo turn ends on "✓ RECEIPT …"
PASS CLI-20 with NO_COLOR=1 the turn keeps ✓, ● and └ and its words
PASS CLI-21 in the flow and at startup: Error, Cause, Try and Help
PASS CLI-22 no color parameter in the raw bytes with NO_COLOR=1
PASS CLI-23 color parameters through a pipe by FORCE_COLOR value: 0: 0, 1: 23, 2: 26, 3: 26
PASS CLI-24 no cursor movement, erase, sync or color with TERM=dumb
PASS CLI-25 piped stdout: the answer and no escape byte
PASS CLI-26 CI=true in a PTY: no input drawn, exit 78 with the fix
PASS CLI-27 timmy repl --help → 0, timmy repl -h → 0, timmy receipts --help → 0, timmy theme --help → 0; --version → 2.0.0-rc.2
PASS CLI-28 receipts --json and --quiet, theme --json
PASS CLI-29 timmy -v, --version, version and repl -v: "timmy-tui v2.0.0-rc.2" and nothing else, exit 0; no -v row with another meaning in timmy --help or timmy repl --help
PASS CLI-30 piped with no key: exit 78 after 1018ms naming "timmy init"; no terminal query
PASS CLI-31 the answer on stdout with no spinner frame; the error on stderr only
PASS CLI-32 an unknown verb exits 2; 14 PTY exits so far, all in the set: 0, 78, 130
PASS CLI-33 REPL mid-turn: 143 after 55ms, stty unchanged, cursor on, bracketed paste off; monitor: 143, screen restored
PASS CLI-34 monitor Ctrl+C: 130, stty unchanged, cursor on, alternate screen left
FAIL CLI-35 TERM=xterm: {"basic":45,"c256":0,"truecolor":3}
QUALIFICATION: 34 passed, 1 failed, 4 deferred, 32 not run; stopped at CLI-35
04:16:59 done: runner exit 1
